// Jest Snapshot v1, https://goo.gl/fbAQLP

exports[`快照测试 rendered correctly 1`] = `
<div>
  <button>
    按钮
  </button>
</div>
`;
